../Core/Src/main.c:71:6:HAL_FDCAN_RxFifo0Callback	16	static
../Core/Src/main.c:90:6:FDCAN_RxSettings	40	static
../Core/Src/main.c:115:6:FDCAN_TxSettings	8	static
../Core/Src/main.c:131:5:_write	24	static
../Core/Src/main.c:142:5:main	8	static
../Core/Src/main.c:194:6:SystemClock_Config	88	static
../Core/Src/main.c:241:13:MX_FDCAN1_Init	8	static
../Core/Src/main.c:284:13:MX_USART2_UART_Init	8	static
../Core/Src/main.c:332:13:MX_GPIO_Init	16	static
../Core/Src/main.c:352:6:Error_Handler	8	static,ignoring_inline_asm
